hey
8
hoy
2
101
42
2
999
[scope]: N/A
	[start] =>
		{id: 0, name: (null), 2nd_name: y, key: (null), scope: N/A, type: 1, 2nd_type: 3, value_type: 4, role: 1, param_of: add, value: N/A} =>
		{id: 1, name: (null), 2nd_name: x, key: (null), scope: N/A, type: 1, 2nd_type: 3, value_type: 4, role: 1, param_of: add, value: N/A} =>
		{id: 2, name: (null), 2nd_name: y, key: (null), scope: N/A, type: 1, 2nd_type: 3, value_type: 4, role: 1, param_of: sub, value: N/A} =>
		{id: 3, name: (null), 2nd_name: x, key: (null), scope: N/A, type: 1, 2nd_type: 3, value_type: 4, role: 1, param_of: sub, value: N/A} =>
		{id: 4, name: (null), 2nd_name: y, key: (null), scope: N/A, type: 1, 2nd_type: 3, value_type: 4, role: 1, param_of: f4, value: N/A} =>
		{id: 5, name: (null), 2nd_name: x, key: (null), scope: N/A, type: 1, 2nd_type: 3, value_type: 4, role: 1, param_of: f4, value: N/A} =>
		{id: 6, name: (null), 2nd_name: b, key: (null), scope: N/A, type: 1, 2nd_type: 3, value_type: 4, role: 1, param_of: f6, value: N/A} =>
		{id: 7, name: (null), 2nd_name: a, key: (null), scope: N/A, type: 1, 2nd_type: 3, value_type: 4, role: 1, param_of: f5, value: N/A} =>
	[end]
