first print this
inside function a
5
inside function b
8
true
5
hello world
false
3.14
OMG!
hello world
3.14
List function parameter:
[1, 2, 3]
Dictionary function parameter:
{'a': 'foo', 'b': 'bar', 'c': 'baz'}
8
start
hey
hey
hey
end
false
5
false
[1, 2, 3]
true
false
5
6
foo
bar
7
8
[1, 2, 3]
[4, 5, 6]
{'a': 1, 'b': 2, 'c': 3}
{'d': 4, 'e': 5, 'f': 6}
true
false
5
6
foo
bar
7
8
[1, 2, 3]
[4, 5, 6]
{'a': 1, 'b': 2, 'c': 3}
{'d': 4, 'e': 5, 'f': 6}
[true, 2, 3, 4, 5, 6]
[false, 2, 3, 4, 5, 6]
{'b': 2, 'c': 3, 'd': 4, 'e': 5, 'f': 6, 'a': true}
{'b': 2, 'c': 3, 'd': 4, 'e': 5, 'f': 6, 'a': false}
[false, 5, 3, 4, 5, 6]
[false, 6, 3, 4, 5, 6]
{'c': 3, 'd': 4, 'e': 5, 'f': 6, 'a': false, 'b': 5}
{'c': 3, 'd': 4, 'e': 5, 'f': 6, 'a': false, 'b': 6}
[false, 6, 'foo', 4, 5, 6]
[false, 6, 'bar', 4, 5, 6]
{'d': 4, 'e': 5, 'f': 6, 'a': false, 'b': 6, 'c': 'foo'}
{'d': 4, 'e': 5, 'f': 6, 'a': false, 'b': 6, 'c': 'bar'}
[false, 6, 'bar', 7, 5, 6]
[false, 6, 'bar', 8, 5, 6]
{'e': 5, 'f': 6, 'a': false, 'b': 6, 'c': 'bar', 'd': 7}
{'e': 5, 'f': 6, 'a': false, 'b': 6, 'c': 'bar', 'd': 8}
[false, 6, 'bar', 8, [1, 2, 3], 6]
[false, 6, 'bar', 8, [4, 5, 6], 6]
{'f': 6, 'a': false, 'b': 6, 'c': 'bar', 'd': 8, 'e': [1, 2, 3]}
{'f': 6, 'a': false, 'b': 6, 'c': 'bar', 'd': 8, 'e': [4, 5, 6]}
[false, 6, 'bar', 8, [4, 5, 6], {'a': 1, 'b': 2, 'c': 3}]
[false, 6, 'bar', 8, [4, 5, 6], {'d': 4, 'e': 5, 'f': 6}]
{'a': false, 'b': 6, 'c': 'bar', 'd': 8, 'e': [4, 5, 6], 'f': {'a': 1, 'b': 2, 'c': 3}}
{'a': false, 'b': 6, 'c': 'bar', 'd': 8, 'e': [4, 5, 6], 'f': {'d': 4, 'e': 5, 'f': 6}}
[true, false]
[1, 3.14]
['a', 'b']
{'a': true, 'b': false}
{'a': 1, 'b': 3.14}
{'a': 'a', 'b': 'b'}
true
true
false
true
true
false
false
true
3
7
3.14
7
3
5
3
5.12
3.14
5.12
foo
baz
baz
foo
bar
bar
foo
[1, 2, 3]
[4, 5, 6]
bar
[1, 2, 3]
[7, 8, 9]
foo
{'a': 1, 'b': 2, 'c': 3}
{'d': 4, 'e': 5, 'f': 6}
bar
{'a': 1, 'b': 2, 'c': 3}
{'j': 7, 'k': 8, 'l': 9}
foo
[1, 2, 3]
[4, 5, 6]
bar
[1, 2, 3]
[7, 8, 9]
foo
{'a': 1, 'b': 2, 'c': 3}
{'d': 4, 'e': 5, 'f': 6}
bar
{'a': 1, 'b': 2, 'c': 3}
{'j': 7, 'k': 8, 'l': 9}
0
1
0
1
0
1
5
8
30
[start] =>
	{id: 0, name: (null), 2nd_name: param3, key: (null), scope: N/A, type: 2, 2nd_type: 3, value_type: 4, role: 1, param_of: f1, value: N/A} =>
	{id: 1, name: (null), 2nd_name: param2, key: (null), scope: N/A, type: 1, 2nd_type: 3, value_type: 4, role: 1, param_of: f1, value: N/A} =>
	{id: 2, name: (null), 2nd_name: param1, key: (null), scope: N/A, type: 0, 2nd_type: 3, value_type: 4, role: 1, param_of: f1, value: false} =>
	{id: 3, name: (null), 2nd_name: param2, key: (null), scope: N/A, type: 4, 2nd_type: 3, value_type: 4, role: 1, param_of: f2, value: []} =>
	{id: 4, name: (null), 2nd_name: param1, key: (null), scope: N/A, type: 2, 2nd_type: 3, value_type: 4, role: 1, param_of: f2, value: N/A} =>
	{id: 5, name: (null), 2nd_name: param2, key: (null), scope: N/A, type: 5, 2nd_type: 3, value_type: 4, role: 1, param_of: f3, value: {}} =>
	{id: 6, name: (null), 2nd_name: param1, key: (null), scope: N/A, type: 2, 2nd_type: 3, value_type: 4, role: 1, param_of: f3, value: N/A} =>
	{id: 7, name: (null), 2nd_name: y, key: (null), scope: N/A, type: 1, 2nd_type: 3, value_type: 4, role: 1, param_of: add, value: N/A} =>
	{id: 8, name: (null), 2nd_name: x, key: (null), scope: N/A, type: 1, 2nd_type: 3, value_type: 4, role: 1, param_of: add, value: N/A} =>
	{id: 9, name: (null), 2nd_name: x, key: (null), scope: N/A, type: 1, 2nd_type: 3, value_type: 4, role: 1, param_of: everything_f1, value: N/A} =>
	{id: 10, name: (null), 2nd_name: x, key: (null), scope: N/A, type: 1, 2nd_type: 3, value_type: 4, role: 1, param_of: everything_f2, value: N/A} =>
	{id: 11, name: (null), 2nd_name: y, key: (null), scope: N/A, type: 1, 2nd_type: 3, value_type: 4, role: 1, param_of: everything_f3, value: N/A} =>
	{id: 12, name: (null), 2nd_name: x, key: (null), scope: N/A, type: 1, 2nd_type: 3, value_type: 4, role: 1, param_of: everything_f3, value: N/A} =>
	{id: 13, name: (null), 2nd_name: param2, key: (null), scope: N/A, type: 0, 2nd_type: 0, value_type: 0, role: 1, param_of: bool_optional_param_test, value: true} =>
	{id: 14, name: (null), 2nd_name: param1, key: (null), scope: N/A, type: 0, 2nd_type: 3, value_type: 4, role: 1, param_of: bool_optional_param_test, value: false} =>
	{id: 15, name: (null), 2nd_name: param2, key: (null), scope: N/A, type: 1, 2nd_type: 0, value_type: 1, role: 1, param_of: num_optional_param_test, value: 7} =>
	{id: 16, name: (null), 2nd_name: param1, key: (null), scope: N/A, type: 1, 2nd_type: 3, value_type: 4, role: 1, param_of: num_optional_param_test, value: N/A} =>
	{id: 17, name: (null), 2nd_name: param2, key: (null), scope: N/A, type: 2, 2nd_type: 0, value_type: 3, role: 1, param_of: str_optional_param_test, value: baz} =>
	{id: 18, name: (null), 2nd_name: param1, key: (null), scope: N/A, type: 2, 2nd_type: 3, value_type: 4, role: 1, param_of: str_optional_param_test, value: N/A} =>
	{id: 19, name: (null), 2nd_name: param3, key: (null), scope: N/A, type: 4, 2nd_type: 3, value_type: 4, role: 1, param_of: list_as_params, value: [4, 5, 6]} =>
	{id: 20, name: (null), 2nd_name: (null), key: (null), scope: N/A, type: 1, 2nd_type: 0, value_type: 1, role: 0, param_of: , value: 6} =>
	{id: 21, name: (null), 2nd_name: (null), key: (null), scope: N/A, type: 1, 2nd_type: 0, value_type: 1, role: 0, param_of: , value: 5} =>
	{id: 22, name: (null), 2nd_name: (null), key: (null), scope: N/A, type: 1, 2nd_type: 0, value_type: 1, role: 0, param_of: , value: 4} =>
	{id: 23, name: (null), 2nd_name: param2, key: (null), scope: N/A, type: 4, 2nd_type: 3, value_type: 4, role: 1, param_of: list_as_params, value: []} =>
	{id: 24, name: (null), 2nd_name: param1, key: (null), scope: N/A, type: 2, 2nd_type: 3, value_type: 4, role: 1, param_of: list_as_params, value: N/A} =>
	{id: 25, name: (null), 2nd_name: param3, key: (null), scope: N/A, type: 5, 2nd_type: 3, value_type: 4, role: 1, param_of: dict_as_params, value: {'d': 4, 'e': 5, 'f': 6}} =>
	{id: 26, name: (null), 2nd_name: (null), key: f, scope: N/A, type: 1, 2nd_type: 0, value_type: 1, role: 0, param_of: , value: 6} =>
	{id: 27, name: (null), 2nd_name: (null), key: e, scope: N/A, type: 1, 2nd_type: 0, value_type: 1, role: 0, param_of: , value: 5} =>
	{id: 28, name: (null), 2nd_name: (null), key: d, scope: N/A, type: 1, 2nd_type: 0, value_type: 1, role: 0, param_of: , value: 4} =>
	{id: 29, name: (null), 2nd_name: param2, key: (null), scope: N/A, type: 5, 2nd_type: 3, value_type: 4, role: 1, param_of: dict_as_params, value: {}} =>
	{id: 30, name: (null), 2nd_name: param1, key: (null), scope: N/A, type: 2, 2nd_type: 3, value_type: 4, role: 1, param_of: dict_as_params, value: N/A} =>
	{id: 31, name: (null), 2nd_name: param3, key: (null), scope: N/A, type: 4, 2nd_type: 1, value_type: 4, role: 1, param_of: typed_list_as_params, value: [4, 5, 6]} =>
	{id: 32, name: (null), 2nd_name: (null), key: (null), scope: N/A, type: 1, 2nd_type: 0, value_type: 1, role: 0, param_of: , value: 6} =>
	{id: 33, name: (null), 2nd_name: (null), key: (null), scope: N/A, type: 1, 2nd_type: 0, value_type: 1, role: 0, param_of: , value: 5} =>
	{id: 34, name: (null), 2nd_name: (null), key: (null), scope: N/A, type: 1, 2nd_type: 0, value_type: 1, role: 0, param_of: , value: 4} =>
	{id: 35, name: (null), 2nd_name: param2, key: (null), scope: N/A, type: 4, 2nd_type: 1, value_type: 4, role: 1, param_of: typed_list_as_params, value: []} =>
	{id: 36, name: (null), 2nd_name: param1, key: (null), scope: N/A, type: 2, 2nd_type: 3, value_type: 4, role: 1, param_of: typed_list_as_params, value: N/A} =>
	{id: 37, name: (null), 2nd_name: param3, key: (null), scope: N/A, type: 5, 2nd_type: 1, value_type: 4, role: 1, param_of: typed_dict_as_params, value: {'d': 4, 'e': 5, 'f': 6}} =>
	{id: 38, name: (null), 2nd_name: (null), key: f, scope: N/A, type: 1, 2nd_type: 0, value_type: 1, role: 0, param_of: , value: 6} =>
	{id: 39, name: (null), 2nd_name: (null), key: e, scope: N/A, type: 1, 2nd_type: 0, value_type: 1, role: 0, param_of: , value: 5} =>
	{id: 40, name: (null), 2nd_name: (null), key: d, scope: N/A, type: 1, 2nd_type: 0, value_type: 1, role: 0, param_of: , value: 4} =>
	{id: 41, name: (null), 2nd_name: param2, key: (null), scope: N/A, type: 5, 2nd_type: 1, value_type: 4, role: 1, param_of: typed_dict_as_params, value: {}} =>
	{id: 42, name: (null), 2nd_name: param1, key: (null), scope: N/A, type: 2, 2nd_type: 3, value_type: 4, role: 1, param_of: typed_dict_as_params, value: N/A} =>
	{id: 43, name: (null), 2nd_name: n, key: (null), scope: N/A, type: 1, 2nd_type: 3, value_type: 4, role: 1, param_of: call_inside_loop_inside_function, value: N/A} =>
	{id: 44, name: (null), 2nd_name: z, key: (null), scope: N/A, type: 1, 2nd_type: 3, value_type: 4, role: 1, param_of: multi_three, value: N/A} =>
	{id: 45, name: (null), 2nd_name: y, key: (null), scope: N/A, type: 1, 2nd_type: 3, value_type: 4, role: 1, param_of: multi_three, value: N/A} =>
	{id: 46, name: (null), 2nd_name: x, key: (null), scope: N/A, type: 1, 2nd_type: 3, value_type: 4, role: 1, param_of: multi_three, value: N/A} =>
	{id: 47, name: (null), 2nd_name: y, key: (null), scope: N/A, type: 1, 2nd_type: 3, value_type: 4, role: 1, param_of: sum_two, value: N/A} =>
	{id: 48, name: (null), 2nd_name: x, key: (null), scope: N/A, type: 1, 2nd_type: 3, value_type: 4, role: 1, param_of: sum_two, value: N/A} =>
	{id: 49, name: (null), 2nd_name: n, key: (null), scope: N/A, type: 1, 2nd_type: 3, value_type: 4, role: 1, param_of: decision_params, value: N/A} =>
	{id: 52, name: hello, 2nd_name: (null), key: (null), scope: N/A, type: 2, 2nd_type: 0, value_type: 3, role: 0, param_of: , value: hello world} =>
	{id: 53, name: pi, 2nd_name: (null), key: (null), scope: N/A, type: 1, 2nd_type: 0, value_type: 2, role: 0, param_of: , value: 3.14} =>
	{id: 54, name: param1, 2nd_name: (null), key: (null), scope: N/A, type: 2, 2nd_type: 0, value_type: 3, role: 0, param_of: , value: testing} =>
	{id: 61, name: c, 2nd_name: (null), key: (null), scope: N/A, type: 4, 2nd_type: 3, value_type: 4, role: 0, param_of: , value: [1, 2, 3]} =>
	{id: 62, name: (null), 2nd_name: (null), key: (null), scope: N/A, type: 1, 2nd_type: 0, value_type: 1, role: 0, param_of: , value: 3} =>
	{id: 63, name: (null), 2nd_name: (null), key: (null), scope: N/A, type: 1, 2nd_type: 0, value_type: 1, role: 0, param_of: , value: 2} =>
	{id: 64, name: (null), 2nd_name: (null), key: (null), scope: N/A, type: 1, 2nd_type: 0, value_type: 1, role: 0, param_of: , value: 1} =>
	{id: 78, name: d, 2nd_name: (null), key: (null), scope: N/A, type: 5, 2nd_type: 3, value_type: 4, role: 0, param_of: , value: {'a': 'foo', 'b': 'bar', 'c': 'baz'}} =>
	{id: 79, name: (null), 2nd_name: (null), key: c, scope: N/A, type: 2, 2nd_type: 0, value_type: 3, role: 0, param_of: , value: baz} =>
	{id: 80, name: (null), 2nd_name: (null), key: b, scope: N/A, type: 2, 2nd_type: 0, value_type: 3, role: 0, param_of: , value: bar} =>
	{id: 81, name: (null), 2nd_name: (null), key: a, scope: N/A, type: 2, 2nd_type: 0, value_type: 3, role: 0, param_of: , value: foo} =>
	{id: 311, name: a, 2nd_name: (null), key: (null), scope: N/A, type: 4, 2nd_type: 3, value_type: 4, role: 0, param_of: , value: [false, 6, 'bar', 8, [4, 5, 6], {'d': 4, 'e': 5, 'f': 6}]} =>
	{id: 318, name: b, 2nd_name: (null), key: (null), scope: N/A, type: 5, 2nd_type: 3, value_type: 4, role: 0, param_of: , value: {'a': false, 'b': 6, 'c': 'bar', 'd': 8, 'e': [4, 5, 6], 'f': {'d': 4, 'e': 5, 'f': 6}}} =>
	{id: 334, name: (null), 2nd_name: (null), key: (null), scope: N/A, type: 0, 2nd_type: 0, value_type: 0, role: 0, param_of: , value: false} =>
	{id: 344, name: (null), 2nd_name: (null), key: a, scope: N/A, type: 0, 2nd_type: 0, value_type: 0, role: 0, param_of: , value: false} =>
	{id: 354, name: (null), 2nd_name: (null), key: (null), scope: N/A, type: 1, 2nd_type: 0, value_type: 1, role: 0, param_of: , value: 6} =>
	{id: 364, name: (null), 2nd_name: (null), key: b, scope: N/A, type: 1, 2nd_type: 0, value_type: 1, role: 0, param_of: , value: 6} =>
	{id: 374, name: (null), 2nd_name: (null), key: (null), scope: N/A, type: 2, 2nd_type: 0, value_type: 3, role: 0, param_of: , value: bar} =>
	{id: 384, name: (null), 2nd_name: (null), key: c, scope: N/A, type: 2, 2nd_type: 0, value_type: 3, role: 0, param_of: , value: bar} =>
	{id: 394, name: (null), 2nd_name: (null), key: (null), scope: N/A, type: 3, 2nd_type: 0, value_type: 1, role: 0, param_of: , value: 8} =>
	{id: 404, name: (null), 2nd_name: (null), key: d, scope: N/A, type: 3, 2nd_type: 0, value_type: 1, role: 0, param_of: , value: 8} =>
	{id: 435, name: (null), 2nd_name: (null), key: (null), scope: N/A, type: 4, 2nd_type: 3, value_type: 4, role: 0, param_of: , value: [4, 5, 6]} =>
	{id: 436, name: (null), 2nd_name: (null), key: (null), scope: N/A, type: 1, 2nd_type: 0, value_type: 1, role: 0, param_of: , value: 4} =>
	{id: 437, name: (null), 2nd_name: (null), key: (null), scope: N/A, type: 1, 2nd_type: 0, value_type: 1, role: 0, param_of: , value: 5} =>
	{id: 438, name: (null), 2nd_name: (null), key: (null), scope: N/A, type: 1, 2nd_type: 0, value_type: 1, role: 0, param_of: , value: 6} =>
	{id: 469, name: (null), 2nd_name: (null), key: e, scope: N/A, type: 4, 2nd_type: 3, value_type: 4, role: 0, param_of: , value: [4, 5, 6]} =>
	{id: 470, name: (null), 2nd_name: (null), key: (null), scope: N/A, type: 1, 2nd_type: 0, value_type: 1, role: 0, param_of: , value: 4} =>
	{id: 471, name: (null), 2nd_name: (null), key: (null), scope: N/A, type: 1, 2nd_type: 0, value_type: 1, role: 0, param_of: , value: 5} =>
	{id: 472, name: (null), 2nd_name: (null), key: (null), scope: N/A, type: 1, 2nd_type: 0, value_type: 1, role: 0, param_of: , value: 6} =>
	{id: 503, name: (null), 2nd_name: (null), key: (null), scope: N/A, type: 5, 2nd_type: 3, value_type: 4, role: 0, param_of: , value: {'d': 4, 'e': 5, 'f': 6}} =>
	{id: 504, name: (null), 2nd_name: (null), key: d, scope: N/A, type: 1, 2nd_type: 0, value_type: 1, role: 0, param_of: , value: 4} =>
	{id: 505, name: (null), 2nd_name: (null), key: e, scope: N/A, type: 1, 2nd_type: 0, value_type: 1, role: 0, param_of: , value: 5} =>
	{id: 506, name: (null), 2nd_name: (null), key: f, scope: N/A, type: 1, 2nd_type: 0, value_type: 1, role: 0, param_of: , value: 6} =>
	{id: 537, name: (null), 2nd_name: (null), key: f, scope: N/A, type: 5, 2nd_type: 3, value_type: 4, role: 0, param_of: , value: {'d': 4, 'e': 5, 'f': 6}} =>
	{id: 538, name: (null), 2nd_name: (null), key: d, scope: N/A, type: 1, 2nd_type: 0, value_type: 1, role: 0, param_of: , value: 4} =>
	{id: 539, name: (null), 2nd_name: (null), key: e, scope: N/A, type: 1, 2nd_type: 0, value_type: 1, role: 0, param_of: , value: 5} =>
	{id: 540, name: (null), 2nd_name: (null), key: f, scope: N/A, type: 1, 2nd_type: 0, value_type: 1, role: 0, param_of: , value: 6} =>
	{id: 550, name: bool_list_test_var, 2nd_name: (null), key: (null), scope: N/A, type: 4, 2nd_type: 0, value_type: 4, role: 0, param_of: , value: [true, false]} =>
	{id: 551, name: (null), 2nd_name: (null), key: (null), scope: N/A, type: 0, 2nd_type: 0, value_type: 0, role: 0, param_of: , value: true} =>
	{id: 552, name: (null), 2nd_name: (null), key: (null), scope: N/A, type: 0, 2nd_type: 0, value_type: 0, role: 0, param_of: , value: false} =>
	{id: 562, name: num_list_test_var, 2nd_name: (null), key: (null), scope: N/A, type: 4, 2nd_type: 1, value_type: 4, role: 0, param_of: , value: [1, 3.14]} =>
	{id: 563, name: (null), 2nd_name: (null), key: (null), scope: N/A, type: 1, 2nd_type: 0, value_type: 1, role: 0, param_of: , value: 1} =>
	{id: 564, name: (null), 2nd_name: (null), key: (null), scope: N/A, type: 1, 2nd_type: 0, value_type: 2, role: 0, param_of: , value: 3.14} =>
	{id: 574, name: str_list_test_var, 2nd_name: (null), key: (null), scope: N/A, type: 4, 2nd_type: 2, value_type: 4, role: 0, param_of: , value: ['a', 'b']} =>
	{id: 575, name: (null), 2nd_name: (null), key: (null), scope: N/A, type: 2, 2nd_type: 0, value_type: 3, role: 0, param_of: , value: a} =>
	{id: 576, name: (null), 2nd_name: (null), key: (null), scope: N/A, type: 2, 2nd_type: 0, value_type: 3, role: 0, param_of: , value: b} =>
	{id: 586, name: bool_dict_test_var, 2nd_name: (null), key: (null), scope: N/A, type: 5, 2nd_type: 0, value_type: 4, role: 0, param_of: , value: {'a': true, 'b': false}} =>
	{id: 587, name: (null), 2nd_name: (null), key: a, scope: N/A, type: 0, 2nd_type: 0, value_type: 0, role: 0, param_of: , value: true} =>
	{id: 588, name: (null), 2nd_name: (null), key: b, scope: N/A, type: 0, 2nd_type: 0, value_type: 0, role: 0, param_of: , value: false} =>
	{id: 598, name: num_dict_test_var, 2nd_name: (null), key: (null), scope: N/A, type: 5, 2nd_type: 1, value_type: 4, role: 0, param_of: , value: {'a': 1, 'b': 3.14}} =>
	{id: 599, name: (null), 2nd_name: (null), key: a, scope: N/A, type: 1, 2nd_type: 0, value_type: 1, role: 0, param_of: , value: 1} =>
	{id: 600, name: (null), 2nd_name: (null), key: b, scope: N/A, type: 1, 2nd_type: 0, value_type: 2, role: 0, param_of: , value: 3.14} =>
	{id: 610, name: str_dict_test_var, 2nd_name: (null), key: (null), scope: N/A, type: 5, 2nd_type: 2, value_type: 4, role: 0, param_of: , value: {'a': 'a', 'b': 'b'}} =>
	{id: 611, name: (null), 2nd_name: (null), key: a, scope: N/A, type: 2, 2nd_type: 0, value_type: 3, role: 0, param_of: , value: a} =>
	{id: 612, name: (null), 2nd_name: (null), key: b, scope: N/A, type: 2, 2nd_type: 0, value_type: 3, role: 0, param_of: , value: b} =>
[end]
