[1;43m  Preemptive Error:                                   [0m
[0;43m    File: "tests/preemptive.kaos", line 2, in f51     [0m
[0;43m      print b                                         [0m
[1;43m  Undefined variable: b                               [0m
  ---
[1;43m  Preemptive Error:                                    [0m
[0;43m    File: "tests/preemptive.kaos", line 27, in f52     [0m
[0;43m      n1 > 10 : f2(),                                  [0m
[1;43m  Undefined variable: n1                               [0m
  ---
[1;43m  Preemptive Error:                                    [0m
[0;43m    File: "tests/preemptive.kaos", line 39, in f53     [0m
[0;43m      z > 10  : f2(n2),                                [0m
[1;43m  Undefined variable: n2                               [0m
  ---
[1;43m  Preemptive Error:                                  [0m
[0;43m    File: "tests/preemptive.kaos", line 47, in a     [0m
[0;43m      num b = f5()                                   [0m
[1;43m  Undefined function: f5 in <module>                 [0m
  ---
[1;43m  Preemptive Error:                                    [0m
[0;43m    File: "tests/preemptive.kaos", line 58, in f54     [0m
[0;43m      z > 10  : f6(),                                  [0m
[1;43m  Undefined function: f6 in <module>                   [0m
  ---
[1;43m  Preemptive Error:                                   [0m
[0;43m    File: "tests/preemptive.kaos", line 69, in f1     [0m
[0;43m      z == 8  : f1(z),                                [0m
[1;43m  Incorrect argument count for function: f1           [0m
  ---
[1;43m  Preemptive Error:                                   [0m
[0;43m    File: "tests/preemptive.kaos", line 79, in f1     [0m
[0;43m      num x = f1(c)                                   [0m
[1;43m  Incorrect argument count for function: f1           [0m
  ---
[1;43m  Preemptive Error:                                   [0m
[0;43m    File: "tests/preemptive.kaos", line 98, in f8     [0m
[0;43m      f8(a, b)                                        [0m
[1;43m  Incorrect argument count for function: f8           [0m
  ---
[1;43m  Preemptive Error:                                    [0m
[0;43m    File: "tests/preemptive.kaos", line 104, in f8     [0m
[0;43m      f8(3, 5)                                         [0m
[1;43m  Incorrect argument count for function: f8            [0m
  ---
[1;43m  Preemptive Error:                                    [0m
[0;43m    File: "tests/preemptive.kaos", line 112, in f8     [0m
[0;43m      f8(a, b)                                         [0m
[1;43m  Incorrect argument count for function: f8            [0m
  ---
[1;43m  Preemptive Error:                                    [0m
[0;43m    File: "tests/preemptive.kaos", line 118, in f8     [0m
[0;43m      f8([1, 2, 3], 'hello')                           [0m
[1;43m  Incorrect argument count for function: f8            [0m
  ---
[1;43m  Preemptive Error:                                    [0m
[0;43m    File: "tests/preemptive.kaos", line 127, in f8     [0m
[0;43m      f8(a, b, c)                                      [0m
[1;43m  Incorrect argument count for function: f8            [0m
  ---
[1;43m  Preemptive Error:                                    [0m
[0;43m    File: "tests/preemptive.kaos", line 133, in f8     [0m
[0;43m      f8(3, 'hello', true)                             [0m
[1;43m  Incorrect argument count for function: f8            [0m
  ---
[1;43m  Preemptive Error:                                       [0m
[0;43m    File: "tests/preemptive.kaos", line 141, in f63       [0m
[0;43m      return a                                            [0m
[1;43m  Illegal variable type: Dictionary for function: f63     [0m
  ---
[1;43m  Preemptive Error:                                     [0m
[0;43m    File: "tests/preemptive.kaos", line 148, in f64     [0m
[0;43m      return b                                          [0m
[1;43m  Undefined variable: b                                 [0m
  ---
[1;43m  Preemptive Error:                                       [0m
[0;43m    File: "tests/preemptive.kaos", line 158, in f65       [0m
[0;43m      x == 5  : return a,                                 [0m
[1;43m  Illegal variable type: Dictionary for function: f65     [0m
  ---
[1;43m  Preemptive Error:                                     [0m
[0;43m    File: "tests/preemptive.kaos", line 168, in f66     [0m
[0;43m      x == 5  : return b,                               [0m
[1;43m  Undefined variable: b                                 [0m
  ---
[1;43m  Preemptive Error:                                     [0m
[0;43m    File: "tests/preemptive.kaos", line 176, in f67     [0m
[0;43m      end                                               [0m
[1;43m  The function 'f67' did not return anything!           [0m
  ---
[1;43m  Preemptive Error:                                     [0m
[0;43m    File: "tests/preemptive.kaos", line 183, in f68     [0m
[0;43m      print b                                           [0m
[1;43m  Undefined variable: b                                 [0m
  ---
[1;43m  Preemptive Error:                                     [0m
[0;43m    File: "tests/preemptive.kaos", line 193, in f69     [0m
[0;43m      n times do                                        [0m
[1;43m  Undefined variable: n                                 [0m
  ---
[1;43m  Preemptive Error:                                     [0m
[0;43m    File: "tests/preemptive.kaos", line 201, in f70     [0m
[0;43m      foreach a as el                                   [0m
[1;43m  Undefined variable: a                                 [0m
  ---
[1;43m  Preemptive Error:                                     [0m
[0;43m    File: "tests/preemptive.kaos", line 221, in f71     [0m
[0;43m      print b                                           [0m
[1;43m  Undefined variable: b                                 [0m
  ---
[1;43m  Preemptive Error:                                     [0m
[0;43m    File: "tests/preemptive.kaos", line 242, in f72     [0m
[0;43m      print b                                           [0m
[1;43m  Undefined variable: b                                 [0m
  ---
[1;43m  Preemptive Error:                                     [0m
[0;43m    File: "tests/preemptive.kaos", line 264, in f73     [0m
[0;43m      print f11(el, 1)                                  [0m
[1;43m  Undefined function: f11 in <module>                   [0m
  ---
[1;43m  Preemptive Error:                                     [0m
[0;43m    File: "tests/preemptive.kaos", line 271, in f74     [0m
[0;43m      foreach a as el                                   [0m
[1;43m  'a' is not a list!                                    [0m
  ---
[1;43m  Preemptive Error:                                     [0m
[0;43m    File: "tests/preemptive.kaos", line 280, in f75     [0m
[0;43m      foreach a as key : val                            [0m
[1;43m  'a' is not a dictionary!                              [0m
  ---
[1;43m  Preemptive Error:                                             [0m
[0;43m    File: "tests/preemptive.kaos", line 290, in f9              [0m
[0;43m      num r = f9(x, y)                                          [0m
[1;43m  Call to a function with `break` from a multiline loop: f9     [0m
  ---
[1;43m  Preemptive Error:                                             [0m
[0;43m    File: "tests/preemptive.kaos", line 299, in f9              [0m
[0;43m      print f9(el, 1)                                           [0m
[1;43m  Call to a function with `break` from a multiline loop: f9     [0m
