Chaos Error (most recent call last):
File: "~/chaos/__interactive__.kaos", line 3, in <module>
a[f] = a
Unexpected accessor data type: List for variable: a
Absorbed by Interactive Shell
[0]
[1, 2]
[start] =>
	{id: 0, name: a, 2nd_name: (null), key: (null), scope: N/A, type: 4, 2nd_type: 3, value_type: 4, role: 0, param_of: , value: [0]} =>
	{id: 1, name: (null), 2nd_name: (null), key: (null), scope: N/A, type: 1, 2nd_type: 0, value_type: 1, role: 0, param_of: , value: 0} =>
	{id: 2, name: f, 2nd_name: (null), key: (null), scope: N/A, type: 4, 2nd_type: 3, value_type: 4, role: 0, param_of: , value: [1, 2]} =>
	{id: 3, name: (null), 2nd_name: (null), key: (null), scope: N/A, type: 1, 2nd_type: 0, value_type: 1, role: 0, param_of: , value: 2} =>
	{id: 4, name: (null), 2nd_name: (null), key: (null), scope: N/A, type: 1, 2nd_type: 0, value_type: 1, role: 0, param_of: , value: 1} =>
	{id: 5, name: (null), 2nd_name: (null), key: (null), scope: N/A, type: 4, 2nd_type: 3, value_type: 4, role: 0, param_of: , value: []} =>
	{id: 6, name: (null), 2nd_name: (null), key: (null), scope: N/A, type: 1, 2nd_type: 0, value_type: 1, role: 0, param_of: , value: 1} =>
	{id: 7, name: (null), 2nd_name: (null), key: (null), scope: N/A, type: 1, 2nd_type: 0, value_type: 1, role: 0, param_of: , value: 2} =>
[end]
Chaos Error (most recent call last):
File: "~/chaos/__interactive__.kaos", line 8, in <module>
k[0] = 1
Undefined variable: k
Absorbed by Interactive Shell
[start] =>
	{id: 0, name: a, 2nd_name: (null), key: (null), scope: N/A, type: 4, 2nd_type: 3, value_type: 4, role: 0, param_of: , value: [0]} =>
	{id: 1, name: (null), 2nd_name: (null), key: (null), scope: N/A, type: 1, 2nd_type: 0, value_type: 1, role: 0, param_of: , value: 0} =>
	{id: 2, name: f, 2nd_name: (null), key: (null), scope: N/A, type: 4, 2nd_type: 3, value_type: 4, role: 0, param_of: , value: [1, 2]} =>
	{id: 3, name: (null), 2nd_name: (null), key: (null), scope: N/A, type: 1, 2nd_type: 0, value_type: 1, role: 0, param_of: , value: 2} =>
	{id: 4, name: (null), 2nd_name: (null), key: (null), scope: N/A, type: 1, 2nd_type: 0, value_type: 1, role: 0, param_of: , value: 1} =>
	{id: 5, name: (null), 2nd_name: (null), key: (null), scope: N/A, type: 4, 2nd_type: 3, value_type: 4, role: 0, param_of: , value: []} =>
	{id: 6, name: (null), 2nd_name: (null), key: (null), scope: N/A, type: 1, 2nd_type: 0, value_type: 1, role: 0, param_of: , value: 1} =>
	{id: 7, name: (null), 2nd_name: (null), key: (null), scope: N/A, type: 1, 2nd_type: 0, value_type: 1, role: 0, param_of: , value: 2} =>
[end]
[1, 1, 1, 1]
